src/components/ParentDashboard.tsx(61,27): error TS2769: No overload matches this call.
  Overload 1 of 2, '(relation: "user_profiles" | "problems" | "stripe_events"): PostgrestQueryBuilder<{ PostgrestVersion: "12"; }, { Tables: { problems: { Row: { answer_variants: string[]; chips: string[]; correct_answer: string; ... 9 more ...; unit: string; }; Insert: { ...; }; Update: { ...; }; Relationships: []; }; stripe_events: { ...; }; user_profiles: { ...; }; }; Views: {}; Functions: { ...; }; Enums: {}; CompositeTypes: {}; }, { ...; } | ... 1 more ... | { ...; }, "user_profiles" | ... 1 more ... | "stripe_events", [] | [...]>', gave the following error.
    Argument of type '"game_results"' is not assignable to parameter of type '"user_profiles" | "problems" | "stripe_events"'.
  Overload 2 of 2, '(relation: never): PostgrestQueryBuilder<{ PostgrestVersion: "12"; }, { Tables: { problems: { Row: { answer_variants: string[]; chips: string[]; correct_answer: string; created_at: string; created_by: string | null; ... 7 more ...; unit: string; }; Insert: { ...; }; Update: { ...; }; Relationships: []; }; stripe_events: { ...; }; user_profiles: { ...; }; }; Views: {}; Functions: { ...; }; Enums: {}; CompositeTypes: {}; }, never, never, never>', gave the following error.
    Argument of type '"game_results"' is not assignable to parameter of type 'never'.
src/components/ParentDashboard.tsx(69,27): error TS2769: No overload matches this call.
  Overload 1 of 2, '(relation: "user_profiles" | "problems" | "stripe_events"): PostgrestQueryBuilder<{ PostgrestVersion: "12"; }, { Tables: { problems: { Row: { answer_variants: string[]; chips: string[]; correct_answer: string; ... 9 more ...; unit: string; }; Insert: { ...; }; Update: { ...; }; Relationships: []; }; stripe_events: { ...; }; user_profiles: { ...; }; }; Views: {}; Functions: { ...; }; Enums: {}; CompositeTypes: {}; }, { ...; } | ... 1 more ... | { ...; }, "user_profiles" | ... 1 more ... | "stripe_events", [] | [...]>', gave the following error.
    Argument of type '"wrong_answer_logs"' is not assignable to parameter of type '"user_profiles" | "problems" | "stripe_events"'.
  Overload 2 of 2, '(relation: never): PostgrestQueryBuilder<{ PostgrestVersion: "12"; }, { Tables: { problems: { Row: { answer_variants: string[]; chips: string[]; correct_answer: string; created_at: string; created_by: string | null; ... 7 more ...; unit: string; }; Insert: { ...; }; Update: { ...; }; Relationships: []; }; stripe_events: { ...; }; user_profiles: { ...; }; }; Views: {}; Functions: { ...; }; Enums: {}; CompositeTypes: {}; }, never, never, never>', gave the following error.
    Argument of type '"wrong_answer_logs"' is not assignable to parameter of type 'never'.
src/components/ParentDashboard.tsx(75,32): error TS2345: Argument of type '({ answer_variants: string[]; chips: string[]; correct_answer: string; created_at: string; created_by: string | null; difficulty: string; genre: string; hints: string[]; id: string; is_approved: boolean; points: number; problem_text: string; unit: string; } | { ...; } | { ...; })[]' is not assignable to parameter of type 'SetStateAction<GameResult[]>'.
  Type '({ answer_variants: string[]; chips: string[]; correct_answer: string; created_at: string; created_by: string | null; difficulty: string; genre: string; hints: string[]; id: string; is_approved: boolean; points: number; problem_text: string; unit: string; } | { ...; } | { ...; })[]' is not assignable to type 'GameResult[]'.
    Type '{ answer_variants: string[]; chips: string[]; correct_answer: string; created_at: string; created_by: string | null; difficulty: string; genre: string; hints: string[]; id: string; is_approved: boolean; points: number; problem_text: string; unit: string; } | { ...; } | { ...; }' is not assignable to type 'GameResult'.
      Property 'score' is missing in type '{ answer_variants: string[]; chips: string[]; correct_answer: string; created_at: string; created_by: string | null; difficulty: string; genre: string; hints: string[]; id: string; is_approved: boolean; points: number; problem_text: string; unit: string; }' but required in type 'GameResult'.
src/components/ParentDashboard.tsx(76,30): error TS2345: Argument of type '({ answer_variants: string[]; chips: string[]; correct_answer: string; created_at: string; created_by: string | null; difficulty: string; genre: string; hints: string[]; id: string; is_approved: boolean; points: number; problem_text: string; unit: string; } | { ...; } | { ...; })[]' is not assignable to parameter of type 'SetStateAction<WrongLog[]>'.
  Type '({ answer_variants: string[]; chips: string[]; correct_answer: string; created_at: string; created_by: string | null; difficulty: string; genre: string; hints: string[]; id: string; is_approved: boolean; points: number; problem_text: string; unit: string; } | { ...; } | { ...; })[]' is not assignable to type 'WrongLog[]'.
    Type '{ answer_variants: string[]; chips: string[]; correct_answer: string; created_at: string; created_by: string | null; difficulty: string; genre: string; hints: string[]; id: string; is_approved: boolean; points: number; problem_text: string; unit: string; } | { ...; } | { ...; }' is not assignable to type 'WrongLog'.
      Property 'user_answer' is missing in type '{ answer_variants: string[]; chips: string[]; correct_answer: string; created_at: string; created_by: string | null; difficulty: string; genre: string; hints: string[]; id: string; is_approved: boolean; points: number; problem_text: string; unit: string; }' but required in type 'WrongLog'.
src/lib/problemService.ts(84,33): error TS2345: Argument of type '(row: SupabaseProblemRow) => AnyProblem' is not assignable to parameter of type '(value: { answer_variants: string[]; chips: string[]; correct_answer: string; created_at: string; created_by: string | null; difficulty: string; genre: string; hints: string[]; id: string; is_approved: boolean; points: number; problem_text: string; unit: string; }, index: number, array: { ...; }[]) => AnyProblem'.
  Types of parameters 'row' and 'value' are incompatible.
    Type '{ answer_variants: string[]; chips: string[]; correct_answer: string; created_at: string; created_by: string | null; difficulty: string; genre: string; hints: string[]; id: string; is_approved: boolean; points: number; problem_text: string; unit: string; }' is not assignable to type 'SupabaseProblemRow'.
      Types of property 'created_by' are incompatible.
        Type 'string | null' is not assignable to type 'string'.
          Type 'null' is not assignable to type 'string'.
src/lib/problemService.ts(110,29): error TS2345: Argument of type '{ answer_variants: string[]; chips: string[]; correct_answer: string; created_at: string; created_by: string | null; difficulty: string; genre: string; hints: string[]; id: string; is_approved: boolean; points: number; problem_text: string; unit: string; }' is not assignable to parameter of type 'SupabaseProblemRow'.
  Types of property 'created_by' are incompatible.
    Type 'string | null' is not assignable to type 'string'.
      Type 'null' is not assignable to type 'string'.
src/pages/AdminDashboard.tsx(101,50): error TS2345: Argument of type '"admin_set_pro_status"' is not assignable to parameter of type '"set_pro_status"'.
src/stores/useAuthStore.ts(91,32): error TS2339: Property 'plan_type' does not exist on type 'SelectQueryError<"column 'is_admin' does not exist on 'user_profiles'.">'.
src/stores/useAuthStore.ts(93,29): error TS2339: Property 'is_pro' does not exist on type 'SelectQueryError<"column 'is_admin' does not exist on 'user_profiles'.">'.
src/stores/useAuthStore.ts(94,31): error TS2339: Property 'is_admin' does not exist on type 'SelectQueryError<"column 'is_admin' does not exist on 'user_profiles'.">'.
src/stores/useGameStore.ts(321,45): error TS2769: No overload matches this call.
  Overload 1 of 2, '(relation: "user_profiles" | "problems" | "stripe_events"): PostgrestQueryBuilder<{ PostgrestVersion: "12"; }, { Tables: { problems: { Row: { answer_variants: string[]; chips: string[]; correct_answer: string; ... 9 more ...; unit: string; }; Insert: { ...; }; Update: { ...; }; Relationships: []; }; stripe_events: { ...; }; user_profiles: { ...; }; }; Views: {}; Functions: { ...; }; Enums: {}; CompositeTypes: {}; }, { ...; } | ... 1 more ... | { ...; }, "user_profiles" | ... 1 more ... | "stripe_events", [] | [...]>', gave the following error.
    Argument of type '"game_results"' is not assignable to parameter of type '"user_profiles" | "problems" | "stripe_events"'.
  Overload 2 of 2, '(relation: never): PostgrestQueryBuilder<{ PostgrestVersion: "12"; }, { Tables: { problems: { Row: { answer_variants: string[]; chips: string[]; correct_answer: string; created_at: string; created_by: string | null; ... 7 more ...; unit: string; }; Insert: { ...; }; Update: { ...; }; Relationships: []; }; stripe_events: { ...; }; user_profiles: { ...; }; }; Views: {}; Functions: { ...; }; Enums: {}; CompositeTypes: {}; }, never, never, never>', gave the following error.
    Argument of type '"game_results"' is not assignable to parameter of type 'never'.
src/stores/useGameStore.ts(322,29): error TS2769: No overload matches this call.
  Overload 1 of 2, '(values: { answer_variants?: string[] | undefined; chips?: string[] | undefined; correct_answer: string; created_at?: string | undefined; created_by?: string | null | undefined; difficulty: string; ... 6 more ...; unit?: string | undefined; } | { ...; } | { ...; }, options?: { ...; } | undefined): PostgrestFilterBuilder<...>', gave the following error.
    Object literal may only specify known properties, and 'user_id' does not exist in type '{ answer_variants?: string[] | undefined; chips?: string[] | undefined; correct_answer: string; created_at?: string | undefined; created_by?: string | null | undefined; difficulty: string; ... 6 more ...; unit?: string | undefined; } | { ...; } | { ...; }'.
  Overload 2 of 2, '(values: ({ answer_variants?: string[] | undefined; chips?: string[] | undefined; correct_answer: string; created_at?: string | undefined; created_by?: string | null | undefined; difficulty: string; ... 6 more ...; unit?: string | undefined; } | { ...; } | { ...; })[], options?: { ...; } | undefined): PostgrestFilterBuilder<...>', gave the following error.
    Object literal may only specify known properties, and 'user_id' does not exist in type '({ answer_variants?: string[] | undefined; chips?: string[] | undefined; correct_answer: string; created_at?: string | undefined; created_by?: string | null | undefined; difficulty: string; ... 6 more ...; unit?: string | undefined; } | { ...; } | { ...; })[]'.
src/stores/useGameStore.ts(331,45): error TS2769: No overload matches this call.
  Overload 1 of 2, '(relation: "user_profiles" | "problems" | "stripe_events"): PostgrestQueryBuilder<{ PostgrestVersion: "12"; }, { Tables: { problems: { Row: { answer_variants: string[]; chips: string[]; correct_answer: string; ... 9 more ...; unit: string; }; Insert: { ...; }; Update: { ...; }; Relationships: []; }; stripe_events: { ...; }; user_profiles: { ...; }; }; Views: {}; Functions: { ...; }; Enums: {}; CompositeTypes: {}; }, { ...; } | ... 1 more ... | { ...; }, "user_profiles" | ... 1 more ... | "stripe_events", [] | [...]>', gave the following error.
    Argument of type '"wrong_answer_logs"' is not assignable to parameter of type '"user_profiles" | "problems" | "stripe_events"'.
  Overload 2 of 2, '(relation: never): PostgrestQueryBuilder<{ PostgrestVersion: "12"; }, { Tables: { problems: { Row: { answer_variants: string[]; chips: string[]; correct_answer: string; created_at: string; created_by: string | null; ... 7 more ...; unit: string; }; Insert: { ...; }; Update: { ...; }; Relationships: []; }; stripe_events: { ...; }; user_profiles: { ...; }; }; Views: {}; Functions: { ...; }; Enums: {}; CompositeTypes: {}; }, never, never, never>', gave the following error.
    Argument of type '"wrong_answer_logs"' is not assignable to parameter of type 'never'.
src/stores/useGameStore.ts(332,29): error TS2769: No overload matches this call.
  Overload 1 of 2, '(values: { answer_variants?: string[] | undefined; chips?: string[] | undefined; correct_answer: string; created_at?: string | undefined; created_by?: string | null | undefined; difficulty: string; ... 6 more ...; unit?: string | undefined; } | { ...; } | { ...; }, options?: { ...; } | undefined): PostgrestFilterBuilder<...>', gave the following error.
    Object literal may only specify known properties, and 'user_id' does not exist in type '{ answer_variants?: string[] | undefined; chips?: string[] | undefined; correct_answer: string; created_at?: string | undefined; created_by?: string | null | undefined; difficulty: string; ... 6 more ...; unit?: string | undefined; } | { ...; } | { ...; }'.
  Overload 2 of 2, '(values: ({ answer_variants?: string[] | undefined; chips?: string[] | undefined; correct_answer: string; created_at?: string | undefined; created_by?: string | null | undefined; difficulty: string; ... 6 more ...; unit?: string | undefined; } | { ...; } | { ...; })[], options?: { ...; } | undefined): PostgrestFilterBuilder<...>', gave the following error.
    Object literal may only specify known properties, and 'user_id' does not exist in type '({ answer_variants?: string[] | undefined; chips?: string[] | undefined; correct_answer: string; created_at?: string | undefined; created_by?: string | null | undefined; difficulty: string; ... 6 more ...; unit?: string | undefined; } | { ...; } | { ...; })[]'.
